------------------------------------------------------------
TimeQuest Timing Analyzer Summary
------------------------------------------------------------

Type  : Slow 1200mV 85C Model Setup 'clk_div[2]'
Slack : -13.245
TNS   : -3742.856

Type  : Slow 1200mV 85C Model Setup 'vgapll|altpll_component|auto_generated|pll1|clk[0]'
Slack : -5.226
TNS   : -198.429

Type  : Slow 1200mV 85C Model Setup 'pll|altpll_component|auto_generated|pll1|clk[1]'
Slack : -5.009
TNS   : -24.328

Type  : Slow 1200mV 85C Model Hold 'pll|altpll_component|auto_generated|pll1|clk[1]'
Slack : -0.140
TNS   : -0.341

Type  : Slow 1200mV 85C Model Hold 'clk_div[2]'
Slack : 0.431
TNS   : 0.000

Type  : Slow 1200mV 85C Model Hold 'vgapll|altpll_component|auto_generated|pll1|clk[0]'
Slack : 0.453
TNS   : 0.000

Type  : Slow 1200mV 85C Model Recovery 'clk_div[2]'
Slack : -3.543
TNS   : -563.867

Type  : Slow 1200mV 85C Model Removal 'clk_div[2]'
Slack : 2.742
TNS   : 0.000

Type  : Slow 1200mV 85C Model Minimum Pulse Width 'clk_div[2]'
Slack : -3.201
TNS   : -688.389

Type  : Slow 1200mV 85C Model Minimum Pulse Width 'CLOCK_48[0]'
Slack : -3.000
TNS   : -3.000

Type  : Slow 1200mV 85C Model Minimum Pulse Width 'vgapll|altpll_component|auto_generated|pll1|clk[0]'
Slack : -2.678
TNS   : -86.228

Type  : Slow 1200mV 85C Model Minimum Pulse Width 'pll|altpll_component|auto_generated|pll1|clk[1]'
Slack : -0.987
TNS   : -14.805

Type  : Slow 1200mV 0C Model Setup 'clk_div[2]'
Slack : -12.443
TNS   : -3504.335

Type  : Slow 1200mV 0C Model Setup 'vgapll|altpll_component|auto_generated|pll1|clk[0]'
Slack : -4.752
TNS   : -177.563

Type  : Slow 1200mV 0C Model Setup 'pll|altpll_component|auto_generated|pll1|clk[1]'
Slack : -4.447
TNS   : -20.320

Type  : Slow 1200mV 0C Model Hold 'pll|altpll_component|auto_generated|pll1|clk[1]'
Slack : -0.273
TNS   : -0.845

Type  : Slow 1200mV 0C Model Hold 'clk_div[2]'
Slack : 0.381
TNS   : 0.000

Type  : Slow 1200mV 0C Model Hold 'vgapll|altpll_component|auto_generated|pll1|clk[0]'
Slack : 0.401
TNS   : 0.000

Type  : Slow 1200mV 0C Model Recovery 'clk_div[2]'
Slack : -3.143
TNS   : -497.756

Type  : Slow 1200mV 0C Model Removal 'clk_div[2]'
Slack : 2.456
TNS   : 0.000

Type  : Slow 1200mV 0C Model Minimum Pulse Width 'clk_div[2]'
Slack : -3.201
TNS   : -688.389

Type  : Slow 1200mV 0C Model Minimum Pulse Width 'CLOCK_48[0]'
Slack : -3.000
TNS   : -3.000

Type  : Slow 1200mV 0C Model Minimum Pulse Width 'vgapll|altpll_component|auto_generated|pll1|clk[0]'
Slack : -2.678
TNS   : -86.228

Type  : Slow 1200mV 0C Model Minimum Pulse Width 'pll|altpll_component|auto_generated|pll1|clk[1]'
Slack : -0.987
TNS   : -14.805

Type  : Fast 1200mV 0C Model Setup 'clk_div[2]'
Slack : -5.345
TNS   : -1437.922

Type  : Fast 1200mV 0C Model Setup 'pll|altpll_component|auto_generated|pll1|clk[1]'
Slack : -2.126
TNS   : -6.796

Type  : Fast 1200mV 0C Model Setup 'vgapll|altpll_component|auto_generated|pll1|clk[0]'
Slack : -1.515
TNS   : -37.036

Type  : Fast 1200mV 0C Model Hold 'pll|altpll_component|auto_generated|pll1|clk[1]'
Slack : 0.072
TNS   : 0.000

Type  : Fast 1200mV 0C Model Hold 'clk_div[2]'
Slack : 0.178
TNS   : 0.000

Type  : Fast 1200mV 0C Model Hold 'vgapll|altpll_component|auto_generated|pll1|clk[0]'
Slack : 0.187
TNS   : 0.000

Type  : Fast 1200mV 0C Model Recovery 'clk_div[2]'
Slack : -1.022
TNS   : -157.011

Type  : Fast 1200mV 0C Model Removal 'clk_div[2]'
Slack : 1.266
TNS   : 0.000

Type  : Fast 1200mV 0C Model Minimum Pulse Width 'CLOCK_48[0]'
Slack : -3.000
TNS   : -3.582

Type  : Fast 1200mV 0C Model Minimum Pulse Width 'clk_div[2]'
Slack : -1.000
TNS   : -403.000

Type  : Fast 1200mV 0C Model Minimum Pulse Width 'pll|altpll_component|auto_generated|pll1|clk[1]'
Slack : -0.500
TNS   : -7.500

Type  : Fast 1200mV 0C Model Minimum Pulse Width 'vgapll|altpll_component|auto_generated|pll1|clk[0]'
Slack : -0.477
TNS   : -29.097

------------------------------------------------------------
