------------------------------------------------------------
TimeQuest Timing Analyzer Summary
------------------------------------------------------------

Type  : Slow 1200mV 85C Model Setup 'clk_div[2]'
Slack : -14.705
TNS   : -3865.354

Type  : Slow 1200mV 85C Model Setup 'pll|altpll_component|auto_generated|pll1|clk[1]'
Slack : -6.498
TNS   : -28.585

Type  : Slow 1200mV 85C Model Setup 'vgapll|altpll_component|auto_generated|pll1|clk[0]'
Slack : -5.544
TNS   : -207.390

Type  : Slow 1200mV 85C Model Hold 'pll|altpll_component|auto_generated|pll1|clk[1]'
Slack : -0.135
TNS   : -0.318

Type  : Slow 1200mV 85C Model Hold 'clk_div[2]'
Slack : 0.452
TNS   : 0.000

Type  : Slow 1200mV 85C Model Hold 'vgapll|altpll_component|auto_generated|pll1|clk[0]'
Slack : 0.452
TNS   : 0.000

Type  : Slow 1200mV 85C Model Recovery 'clk_div[2]'
Slack : -3.522
TNS   : -606.182

Type  : Slow 1200mV 85C Model Removal 'clk_div[2]'
Slack : 3.229
TNS   : 0.000

Type  : Slow 1200mV 85C Model Minimum Pulse Width 'clk_div[2]'
Slack : -3.201
TNS   : -688.389

Type  : Slow 1200mV 85C Model Minimum Pulse Width 'CLOCK_48[0]'
Slack : -3.000
TNS   : -3.000

Type  : Slow 1200mV 85C Model Minimum Pulse Width 'vgapll|altpll_component|auto_generated|pll1|clk[0]'
Slack : -2.678
TNS   : -86.228

Type  : Slow 1200mV 85C Model Minimum Pulse Width 'pll|altpll_component|auto_generated|pll1|clk[1]'
Slack : -0.987
TNS   : -14.805

Type  : Slow 1200mV 0C Model Setup 'clk_div[2]'
Slack : -13.783
TNS   : -3610.030

Type  : Slow 1200mV 0C Model Setup 'pll|altpll_component|auto_generated|pll1|clk[1]'
Slack : -5.912
TNS   : -24.592

Type  : Slow 1200mV 0C Model Setup 'vgapll|altpll_component|auto_generated|pll1|clk[0]'
Slack : -5.192
TNS   : -187.306

Type  : Slow 1200mV 0C Model Hold 'pll|altpll_component|auto_generated|pll1|clk[1]'
Slack : -0.267
TNS   : -0.819

Type  : Slow 1200mV 0C Model Hold 'clk_div[2]'
Slack : 0.400
TNS   : 0.000

Type  : Slow 1200mV 0C Model Hold 'vgapll|altpll_component|auto_generated|pll1|clk[0]'
Slack : 0.401
TNS   : 0.000

Type  : Slow 1200mV 0C Model Recovery 'clk_div[2]'
Slack : -3.124
TNS   : -537.918

Type  : Slow 1200mV 0C Model Removal 'clk_div[2]'
Slack : 2.924
TNS   : 0.000

Type  : Slow 1200mV 0C Model Minimum Pulse Width 'clk_div[2]'
Slack : -3.201
TNS   : -688.389

Type  : Slow 1200mV 0C Model Minimum Pulse Width 'CLOCK_48[0]'
Slack : -3.000
TNS   : -3.000

Type  : Slow 1200mV 0C Model Minimum Pulse Width 'vgapll|altpll_component|auto_generated|pll1|clk[0]'
Slack : -2.678
TNS   : -86.228

Type  : Slow 1200mV 0C Model Minimum Pulse Width 'pll|altpll_component|auto_generated|pll1|clk[1]'
Slack : -0.987
TNS   : -14.805

Type  : Fast 1200mV 0C Model Setup 'clk_div[2]'
Slack : -5.957
TNS   : -1486.616

Type  : Fast 1200mV 0C Model Setup 'pll|altpll_component|auto_generated|pll1|clk[1]'
Slack : -2.880
TNS   : -8.905

Type  : Fast 1200mV 0C Model Setup 'vgapll|altpll_component|auto_generated|pll1|clk[0]'
Slack : -1.608
TNS   : -41.063

Type  : Fast 1200mV 0C Model Hold 'pll|altpll_component|auto_generated|pll1|clk[1]'
Slack : 0.077
TNS   : 0.000

Type  : Fast 1200mV 0C Model Hold 'clk_div[2]'
Slack : 0.159
TNS   : 0.000

Type  : Fast 1200mV 0C Model Hold 'vgapll|altpll_component|auto_generated|pll1|clk[0]'
Slack : 0.186
TNS   : 0.000

Type  : Fast 1200mV 0C Model Recovery 'clk_div[2]'
Slack : -1.007
TNS   : -172.709

Type  : Fast 1200mV 0C Model Removal 'clk_div[2]'
Slack : 1.460
TNS   : 0.000

Type  : Fast 1200mV 0C Model Minimum Pulse Width 'CLOCK_48[0]'
Slack : -3.000
TNS   : -3.582

Type  : Fast 1200mV 0C Model Minimum Pulse Width 'clk_div[2]'
Slack : -1.000
TNS   : -403.000

Type  : Fast 1200mV 0C Model Minimum Pulse Width 'pll|altpll_component|auto_generated|pll1|clk[1]'
Slack : -0.500
TNS   : -7.500

Type  : Fast 1200mV 0C Model Minimum Pulse Width 'vgapll|altpll_component|auto_generated|pll1|clk[0]'
Slack : -0.477
TNS   : -29.097

------------------------------------------------------------
